// Jest Snapshot v1, https://goo.gl/fbAQLP

exports[`should render header correctly 1`] = `
<header>
  <h1>
    Expensify
  </h1>
  <div>
    <NavLink
      activeClassName="is-active"
      ariaCurrent="true"
      exact={true}
      to="/"
    >
      Dashboard
    </NavLink>
    <br />
    <NavLink
      activeClassName="is-active"
      ariaCurrent="true"
      to="/help"
    >
      Go help
    </NavLink>
    <br />
    <NavLink
      activeClassName="is-active"
      ariaCurrent="true"
      to="/create"
    >
      Go create
    </NavLink>
    <br />
    <NavLink
      activeClassName="is-active"
      ariaCurrent="true"
      to="/edit"
    >
      Go edit
    </NavLink>
    <button
      onClick={[Function]}
    >
      Logout
    </button>
  </div>
</header>
`;
